21:36:53 **** Incremental Build of configuration Debug for project midterm_project ****
make -j8 all 
arm-none-eabi-gcc "../Core/Src/button.c" -mcpu=cortex-m3 -std=gnu11 -g3 -DDEBUG -DUSE_HAL_DRIVER -DSTM32F103x6 -c -I../Core/Inc -I../Drivers/STM32F1xx_HAL_Driver/Inc -I../Drivers/STM32F1xx_HAL_Driver/Inc/Legacy -I../Drivers/CMSIS/Device/ST/STM32F1xx/Include -I../Drivers/CMSIS/Include -O0 -ffunction-sections -fdata-sections -Wall -fstack-usage -MMD -MP -MF"Core/Src/button.d" -MT"Core/Src/button.o" --specs=nano.specs -mfloat-abi=soft -mthumb -o "Core/Src/button.o"
arm-none-eabi-gcc -o "midterm_project.elf" @"objects.list"   -mcpu=cortex-m3 -T"C:\Users\LENOVO\Desktop\midterm\24h_project_MCU\midterm_project\STM32F103C6UX_FLASH.ld" --specs=nosys.specs -Wl,-Map="midterm_project.map" -Wl,--gc-sections -static --specs=nano.specs -mfloat-abi=soft -mthumb -Wl,--start-group -lc -lm -Wl,--end-group
Finished building target: midterm_project.elf
 
arm-none-eabi-size   midterm_project.elf 
arm-none-eabi-objdump -h -S  midterm_project.elf  > "midterm_project.list"
arm-none-eabi-objcopy  -O ihex  midterm_project.elf  "midterm_project.hex"
arm-none-eabi-objcopy  -O binary  midterm_project.elf  "midterm_project.bin"
   text	   data	    bss	    dec	    hex	filename
  10064	     92	   1684	  11840	   2e40	midterm_project.elf
Finished building: default.size.stdout
 
Finished building: midterm_project.bin
Finished building: midterm_project.hex
 
 
Finished building: midterm_project.list
 

21:36:53 Build Finished. 0 errors, 0 warnings. (took 797ms)

